2026-07-01 15:27:19,959 - ftdi - INFO - ... No active connection. Nothing to close.
2026-07-01 15:27:19,959 - ftdi - INFO - ... Initialization of the class FTDI completed.
2026-07-01 15:27:19,959 - ftdi - INFO - ... Successfully got VID and PID. VID: 0x15d6, PID: 0x0001
2026-07-01 15:27:19,959 - ftdi - INFO - ... Successfully set VID and PID. VID: 0x1ca6, PID: 0x0000
2026-07-01 15:27:19,959 - ftdi - INFO - ... Initialization of the class APG7300D completed.
2026-07-01 15:27:19,959 - ftdi - INFO - ... No active connection. Nothing to close.
2026-07-01 15:27:19,959 - ftdi - INFO - ... Initialization of the class FTDI completed.
2026-07-01 15:27:19,975 - ftdi - INFO - ... Device index: 0
2026-07-01 15:27:19,975 - ftdi - INFO - ...... Flags: 2, Type: 6, ID: 480641024, LocID: 12417
2026-07-01 15:27:19,976 - ftdi - INFO - ...... SerialNumber: APG7300AA׾|
2026-07-01 15:27:19,976 - ftdi - INFO - ...... Description: USB-MCA AXVQ WQpUQHVQSQ׾|
2026-07-01 15:27:19,976 - ftdi - INFO - ...... Handle: None
2026-07-01 15:27:19,976 - ftdi - INFO - ... Device index: 1
2026-07-01 15:27:19,976 - ftdi - INFO - ...... Flags: 2, Type: 6, ID: 480641024, LocID: 12418
2026-07-01 15:27:19,976 - ftdi - INFO - ...... SerialNumber: APG7300AB׾|
2026-07-01 15:27:19,976 - ftdi - INFO - ...... Description: USB-MCA BXVQ WQpUQHVQSQ׾|
2026-07-01 15:27:19,976 - ftdi - INFO - ...... Handle: None
2026-07-01 15:27:19,981 - ftdi - INFO - ... Successfully opened the device by serial number
2026-07-01 15:27:20,485 - ftdi - INFO - ... Initialization of the device APG7300D completed.
2026-07-01 15:27:20,485 - ftdi - INFO - ... [Write command] Is success: True, Command: bytearray(b'PDSW\x00\x00\x00\x00'), Data size: 8
2026-07-01 15:27:20,485 - ftdi - INFO - ... [Read command] Is success: True, Command: bytearray(b'PDSW\x00\x00\x00\x00'), Data size: 8
2026-07-01 15:27:20,485 - ftdi - INFO - ... [Write command] Is success: True, Command: bytearray(b'ADGW\x00\x00\x00\x00'), Data size: 8
2026-07-01 15:27:20,487 - ftdi - INFO - ... [Read command] Is success: True, Command: bytearray(b'ADGW\x00\x00\x00\x00'), Data size: 8
2026-07-01 15:27:20,489 - ftdi - INFO - ... [Write command] Is success: True, Command: bytearray(b'THRW\x00\x00\x00('), Data size: 8
2026-07-01 15:27:20,491 - ftdi - INFO - ... [Read command] Is success: True, Command: bytearray(b'THRW\x00\x00\x00('), Data size: 8
2026-07-01 15:27:20,491 - ftdi - INFO - ... [Write command] Is success: True, Command: bytearray(b'LLDW\x00\x00\x00('), Data size: 8
2026-07-01 15:27:20,493 - ftdi - INFO - ... [Read command] Is success: True, Command: bytearray(b'LLDW\x00\x00\x00('), Data size: 8
2026-07-01 15:27:20,493 - ftdi - INFO - ... [Write command] Is success: True, Command: bytearray(b'ULDW\x00\x00?\xff'), Data size: 8
2026-07-01 15:27:20,495 - ftdi - INFO - ... [Read command] Is success: True, Command: bytearray(b'ULDW\x00\x00?\xff'), Data size: 8
2026-07-01 15:27:20,495 - ftdi - INFO - ... [Write command] Is success: True, Command: bytearray(b'OFSW\x00\x00\x00\x00'), Data size: 8
2026-07-01 15:27:20,497 - ftdi - INFO - ... [Read command] Is success: True, Command: bytearray(b'OFSW\x00\x00\x00\x00'), Data size: 8
2026-07-01 15:27:20,497 - ftdi - INFO - ... [Write command] Is success: True, Command: bytearray(b'AQEW\x00\x00\x00\x01'), Data size: 8
2026-07-01 15:27:20,499 - ftdi - INFO - ... [Read command] Is success: True, Command: bytearray(b'AQEW\x00\x00\x00\x01'), Data size: 8
2026-07-01 15:27:20,499 - ftdi - INFO - ... [Write command] Is success: True, Command: bytearray(b'CLRW\x00\x00\x00\x00'), Data size: 8
2026-07-01 15:27:20,501 - ftdi - INFO - ... [Read command] Is success: True, Command: bytearray(b'CLRW\x00\x00\x00\x00'), Data size: 8
2026-07-01 15:27:20,501 - ftdi - INFO - ... [Write command] Is success: True, Command: bytearray(b'MODW\x00\x00\x00\x00'), Data size: 8
2026-07-01 15:27:20,503 - ftdi - INFO - ... [Read command] Is success: True, Command: bytearray(b'MODW\x00\x00\x00\x00'), Data size: 8
2026-07-01 15:27:20,503 - ftdi - INFO - ... [Write command] Is success: True, Command: bytearray(b'MMDW\x00\x00\x00\x00'), Data size: 8
2026-07-01 15:27:20,505 - ftdi - INFO - ... [Read command] Is success: True, Command: bytearray(b'MMDW\x00\x00\x00\x00'), Data size: 8
2026-07-01 15:27:20,505 - ftdi - INFO - ... [Write command] Is success: True, Command: bytearray(b'MT0W\x00\x00\x00\x00'), Data size: 8
2026-07-01 15:27:20,507 - ftdi - INFO - ... [Read command] Is success: True, Command: bytearray(b'MT0W\x00\x00\x00\x00'), Data size: 8
2026-07-01 15:27:20,507 - ftdi - INFO - ... [Write command] Is success: True, Command: bytearray(b'MT1W\x04xh\xc0'), Data size: 8
2026-07-01 15:27:20,509 - ftdi - INFO - ... [Read command] Is success: True, Command: bytearray(b'MT1W\x04xh\xc0'), Data size: 8
2026-07-01 15:27:20,509 - ftdi - INFO - ... [Write command] Is success: True, Command: bytearray(b'AQSW\x00\x00\x00\x01'), Data size: 8
2026-07-01 15:27:20,511 - ftdi - INFO - ... [Read command] Is success: True, Command: bytearray(b'AQSW\x00\x00\x00\x01'), Data size: 8
2026-07-01 15:27:20,511 - ftdi - INFO - ... Clear status
2026-07-01 15:27:20,511 - ftdi - INFO - ... Read status
2026-07-01 15:27:20,511 - ftdi - INFO - ... [Write command] Is success: True, Command: bytearray(b'STUW\x00\x00\x00\x00'), Data size: 8
2026-07-01 15:27:21,013 - ftdi - INFO - ... Clear status
2026-07-01 15:27:21,013 - ftdi - INFO - ... Read status
2026-07-01 15:27:21,013 - ftdi - INFO - ... [Write command] Is success: True, Command: bytearray(b'STUW\x00\x00\x00\x00'), Data size: 8
2026-07-01 15:27:21,515 - ftdi - INFO - ... Clear status
2026-07-01 15:27:21,515 - ftdi - INFO - ... Read status
2026-07-01 15:27:21,516 - ftdi - INFO - ... [Write command] Is success: True, Command: bytearray(b'STUW\x00\x00\x00\x00'), Data size: 8
2026-07-01 15:27:22,017 - ftdi - INFO - ... Clear status
2026-07-01 15:27:22,017 - ftdi - INFO - ... Read status
2026-07-01 15:27:22,018 - ftdi - INFO - ... [Write command] Is success: True, Command: bytearray(b'STUW\x00\x00\x00\x00'), Data size: 8
2026-07-01 15:27:22,519 - ftdi - INFO - ... Clear status
2026-07-01 15:27:22,519 - ftdi - INFO - ... Read status
2026-07-01 15:27:22,520 - ftdi - INFO - ... [Write command] Is success: True, Command: bytearray(b'STUW\x00\x00\x00\x00'), Data size: 8
2026-07-01 15:27:23,021 - ftdi - INFO - ... Clear status
2026-07-01 15:27:23,021 - ftdi - INFO - ... Read status
2026-07-01 15:27:23,022 - ftdi - INFO - ... [Write command] Is success: True, Command: bytearray(b'STUW\x00\x00\x00\x00'), Data size: 8
2026-07-01 15:27:23,523 - ftdi - INFO - ... Clear status
2026-07-01 15:27:23,523 - ftdi - INFO - ... Read status
2026-07-01 15:27:23,524 - ftdi - INFO - ... [Write command] Is success: True, Command: bytearray(b'STUW\x00\x00\x00\x00'), Data size: 8
2026-07-01 15:27:24,025 - ftdi - INFO - ... [Write command] Is success: True, Command: bytearray(b'AQEW\x00\x00\x00\x01'), Data size: 8
2026-07-01 15:27:24,027 - ftdi - INFO - ... [Read command] Is success: True, Command: bytearray(b'AQEW\x00\x00\x00\x01'), Data size: 8
2026-07-01 15:27:24,027 - ftdi - INFO - ... Read histogram
2026-07-01 15:27:24,027 - ftdi - INFO - ... [Write command] Is success: True, Command: bytearray(b'HI00\x00\x00\x00\x00'), Data size: 8
2026-07-01 15:27:24,030 - ftdi - INFO - ... [Write command] Is success: True, Command: bytearray(b'HI01\x00\x00\x00\x00'), Data size: 8
2026-07-01 15:27:24,033 - ftdi - INFO - ... [Write command] Is success: True, Command: bytearray(b'HI02\x00\x00\x00\x00'), Data size: 8
2026-07-01 15:27:24,036 - ftdi - INFO - ... [Write command] Is success: True, Command: bytearray(b'HI03\x00\x00\x00\x00'), Data size: 8
2026-07-01 15:27:24,039 - ftdi - INFO - ... [Write command] Is success: True, Command: bytearray(b'HI04\x00\x00\x00\x00'), Data size: 8
2026-07-01 15:27:24,043 - ftdi - INFO - ... [Write command] Is success: True, Command: bytearray(b'HI05\x00\x00\x00\x00'), Data size: 8
2026-07-01 15:27:24,047 - ftdi - INFO - ... [Write command] Is success: True, Command: bytearray(b'HI06\x00\x00\x00\x00'), Data size: 8
2026-07-01 15:27:24,051 - ftdi - INFO - ... [Write command] Is success: True, Command: bytearray(b'HI07\x00\x00\x00\x00'), Data size: 8
2026-07-01 15:27:24,055 - ftdi - INFO - ... [Write command] Is success: True, Command: bytearray(b'HI08\x00\x00\x00\x00'), Data size: 8
2026-07-01 15:27:24,059 - ftdi - INFO - ... [Write command] Is success: True, Command: bytearray(b'HI09\x00\x00\x00\x00'), Data size: 8
2026-07-01 15:27:24,063 - ftdi - INFO - ... [Write command] Is success: True, Command: bytearray(b'HI0A\x00\x00\x00\x00'), Data size: 8
2026-07-01 15:27:24,069 - ftdi - INFO - ... [Write command] Is success: True, Command: bytearray(b'HI0B\x00\x00\x00\x00'), Data size: 8
2026-07-01 15:27:24,074 - ftdi - INFO - ... [Write command] Is success: True, Command: bytearray(b'HI0C\x00\x00\x00\x00'), Data size: 8
2026-07-01 15:27:24,079 - ftdi - INFO - ... [Write command] Is success: True, Command: bytearray(b'HI0D\x00\x00\x00\x00'), Data size: 8
2026-07-01 15:27:24,084 - ftdi - INFO - ... [Write command] Is success: True, Command: bytearray(b'HI0E\x00\x00\x00\x00'), Data size: 8
2026-07-01 15:27:24,089 - ftdi - INFO - ... [Write command] Is success: True, Command: bytearray(b'HI0F\x00\x00\x00\x00'), Data size: 8
2026-07-01 15:27:24,096 - ftdi - INFO - ... [Write command] Is success: True, Command: bytearray(b'HI10\x00\x00\x00\x00'), Data size: 8
2026-07-01 15:27:24,102 - ftdi - INFO - ... [Write command] Is success: True, Command: bytearray(b'HI11\x00\x00\x00\x00'), Data size: 8
2026-07-01 15:27:24,108 - ftdi - INFO - ... [Write command] Is success: True, Command: bytearray(b'HI12\x00\x00\x00\x00'), Data size: 8
2026-07-01 15:27:24,116 - ftdi - INFO - ... [Write command] Is success: True, Command: bytearray(b'HI13\x00\x00\x00\x00'), Data size: 8
2026-07-01 15:27:24,123 - ftdi - INFO - ... [Write command] Is success: True, Command: bytearray(b'HI14\x00\x00\x00\x00'), Data size: 8
2026-07-01 15:27:24,130 - ftdi - INFO - ... [Write command] Is success: True, Command: bytearray(b'HI15\x00\x00\x00\x00'), Data size: 8
2026-07-01 15:27:24,137 - ftdi - INFO - ... [Write command] Is success: True, Command: bytearray(b'HI16\x00\x00\x00\x00'), Data size: 8
2026-07-01 15:27:24,144 - ftdi - INFO - ... [Write command] Is success: True, Command: bytearray(b'HI17\x00\x00\x00\x00'), Data size: 8
2026-07-01 15:27:24,151 - ftdi - INFO - ... [Write command] Is success: True, Command: bytearray(b'HI18\x00\x00\x00\x00'), Data size: 8
2026-07-01 15:27:24,158 - ftdi - INFO - ... [Write command] Is success: True, Command: bytearray(b'HI19\x00\x00\x00\x00'), Data size: 8
2026-07-01 15:27:24,167 - ftdi - INFO - ... [Write command] Is success: True, Command: bytearray(b'HI1A\x00\x00\x00\x00'), Data size: 8
2026-07-01 15:27:24,175 - ftdi - INFO - ... [Write command] Is success: True, Command: bytearray(b'HI1B\x00\x00\x00\x00'), Data size: 8
2026-07-01 15:27:24,183 - ftdi - INFO - ... [Write command] Is success: True, Command: bytearray(b'HI1C\x00\x00\x00\x00'), Data size: 8
2026-07-01 15:27:24,191 - ftdi - INFO - ... [Write command] Is success: True, Command: bytearray(b'HI1D\x00\x00\x00\x00'), Data size: 8
2026-07-01 15:27:24,199 - ftdi - INFO - ... [Write command] Is success: True, Command: bytearray(b'HI1E\x00\x00\x00\x00'), Data size: 8
2026-07-01 15:27:24,209 - ftdi - INFO - ... [Write command] Is success: True, Command: bytearray(b'HI1F\x00\x00\x00\x00'), Data size: 8
2026-07-01 15:27:24,218 - ftdi - INFO - ... Successfully read histogram from the device APG7300D.
2026-07-01 15:27:24,232 - ftdi - INFO - ... Successfully set VID and PID. VID: 0x15d6, PID: 0x0001
2026-07-01 15:27:24,232 - ftdi - INFO - ... APG7300D instance has been deleted.
2026-07-01 15:27:24,234 - ftdi - INFO - ... Successfully closed the connection
2026-07-01 15:27:24,234 - ftdi - INFO - ... FTDI instance has been deleted.
